2026-05-29 19:57:38,548 [INFO] root: === UniRank Starting ===
2026-05-29 19:57:40,759 [INFO] root: MainWindow shown
2026-05-29 19:57:40,765 [INFO] root: reload_db | auto=True | db_path=C:\Users\ayber\Desktop\Custom Apps\UniRank\data_base
2026-05-29 19:57:40,785 [INFO] root: load_database: seen=176 loaded=0 files_loaded=16 files_seen=16 folder=C:\Users\ayber\Desktop\Custom Apps\UniRank\data_base
2026-05-29 19:57:40,785 [INFO] root: load_database df shape=(0, 0) cols=[]
2026-05-29 20:10:47,879 [INFO] root: === UniRank Starting ===
2026-05-29 20:10:48,757 [INFO] root: MainWindow shown
2026-05-29 20:10:48,761 [INFO] root: reload_db | auto=True | db_path=C:\Users\ayber\Desktop\Custom Apps\UniRank\data_base
2026-05-29 20:10:48,805 [INFO] root: load_database: seen=196 loaded=176 files_loaded=17 files_seen=17 folder=C:\Users\ayber\Desktop\Custom Apps\UniRank\data_base
2026-05-29 20:10:48,806 [INFO] root: load_database df shape=(176, 55) cols=['id', 'name', 'display_name', 'short', 'university', 'city', 'state', 'country', 'scope', 'needs_verification', 'cost_city', 'cost_city_raw', 'city_cost_rank', 'semester_fee_eur', 'semester_fees_json', 'tuition_eur_per_year', 'tuition_raw', 'tuition_program', 'tuition_period', 'tuition_scope', 'tuition_json', 'aerospace_ecosystem', 'strong_areas_summary', 'strength', 'focus', 'pros', 'cons', 'tags', 'tags_raw', 'target_program_name', 'target_program_degree', 'target_program_ects', 'target_program_url', 'target_program_json', 'admission_mode', 'language_req', 'internship_mandatory', 'internship_notes', 'deadline_winter_opens', 'deadline_winter_closes', 'deadline_summer_opens', 'deadline_summer_closes', 'deadlines_note', 'deadlines_json', 'housing_difficulty', 'housing_difficulty_score', 'key_partners', 'industry_focus_json', 'logistics_json', 'admission_details_json', 'scholarship_names', 'scholarships_json', 'sources_json', 'source_file', 'updated_at']
2026-05-29 20:10:48,822 [ERROR] root: reload_db failed
Traceback (most recent call last):
  File "C:\Users\ayber\Desktop\Custom Apps\UniRank\unirank\ui\main_window.py", line 527, in reload_db
    self.df_raw = self._prepare_raw_df(df)
                  ^^^^^^^^^^^^^^^^^^^^^^^^
  File "C:\Users\ayber\Desktop\Custom Apps\UniRank\unirank\ui\main_window.py", line 615, in _prepare_raw_df
    out["_fee"] = out[fee_src].apply(parse_fee_to_eur)
                                     ^^^^^^^^^^^^^^^^
NameError: name 'parse_fee_to_eur' is not defined
2026-05-29 20:10:56,093 [INFO] root: MainWindow.closeEvent (accepted=True)
2026-05-29 20:12:08,543 [INFO] root: === UniRank Starting ===
2026-05-29 20:12:09,517 [INFO] root: MainWindow shown
2026-05-29 20:12:09,520 [INFO] root: reload_db | auto=True | db_path=C:\Users\ayber\Desktop\Custom Apps\UniRank\data_base
2026-05-29 20:12:09,565 [INFO] root: load_database: seen=196 loaded=176 files_loaded=17 files_seen=17 folder=C:\Users\ayber\Desktop\Custom Apps\UniRank\data_base
2026-05-29 20:12:09,565 [INFO] root: load_database df shape=(176, 55) cols=['id', 'name', 'display_name', 'short', 'university', 'city', 'state', 'country', 'scope', 'needs_verification', 'cost_city', 'cost_city_raw', 'city_cost_rank', 'semester_fee_eur', 'semester_fees_json', 'tuition_eur_per_year', 'tuition_raw', 'tuition_program', 'tuition_period', 'tuition_scope', 'tuition_json', 'aerospace_ecosystem', 'strong_areas_summary', 'strength', 'focus', 'pros', 'cons', 'tags', 'tags_raw', 'target_program_name', 'target_program_degree', 'target_program_ects', 'target_program_url', 'target_program_json', 'admission_mode', 'language_req', 'internship_mandatory', 'internship_notes', 'deadline_winter_opens', 'deadline_winter_closes', 'deadline_summer_opens', 'deadline_summer_closes', 'deadlines_note', 'deadlines_json', 'housing_difficulty', 'housing_difficulty_score', 'key_partners', 'industry_focus_json', 'logistics_json', 'admission_details_json', 'scholarship_names', 'scholarships_json', 'sources_json', 'source_file', 'updated_at']
2026-05-29 20:12:09,571 [ERROR] root: reload_db failed
Traceback (most recent call last):
  File "C:\Users\ayber\Desktop\Custom Apps\UniRank\unirank\ui\main_window.py", line 527, in reload_db
    self.df_raw = self._prepare_raw_df(df)
                  ^^^^^^^^^^^^^^^^^^^^^^^^
  File "C:\Users\ayber\Desktop\Custom Apps\UniRank\unirank\ui\main_window.py", line 615, in _prepare_raw_df
    out["_fee"] = out[fee_src].apply(parse_fee_to_eur)
                                     ^^^^^^^^^^^^^^^^
NameError: name 'parse_fee_to_eur' is not defined
2026-05-29 20:12:19,435 [INFO] root: MainWindow.closeEvent (accepted=True)
2026-05-29 20:12:51,539 [INFO] root: === UniRank Starting ===
2026-05-29 20:12:52,436 [INFO] root: MainWindow shown
2026-05-29 20:12:52,440 [INFO] root: reload_db | auto=True | db_path=C:\Users\ayber\Desktop\Custom Apps\UniRank\data_base
2026-05-29 20:12:52,485 [INFO] root: load_database: seen=196 loaded=176 files_loaded=17 files_seen=17 folder=C:\Users\ayber\Desktop\Custom Apps\UniRank\data_base
2026-05-29 20:12:52,485 [INFO] root: load_database df shape=(176, 55) cols=['id', 'name', 'display_name', 'short', 'university', 'city', 'state', 'country', 'scope', 'needs_verification', 'cost_city', 'cost_city_raw', 'city_cost_rank', 'semester_fee_eur', 'semester_fees_json', 'tuition_eur_per_year', 'tuition_raw', 'tuition_program', 'tuition_period', 'tuition_scope', 'tuition_json', 'aerospace_ecosystem', 'strong_areas_summary', 'strength', 'focus', 'pros', 'cons', 'tags', 'tags_raw', 'target_program_name', 'target_program_degree', 'target_program_ects', 'target_program_url', 'target_program_json', 'admission_mode', 'language_req', 'internship_mandatory', 'internship_notes', 'deadline_winter_opens', 'deadline_winter_closes', 'deadline_summer_opens', 'deadline_summer_closes', 'deadlines_note', 'deadlines_json', 'housing_difficulty', 'housing_difficulty_score', 'key_partners', 'industry_focus_json', 'logistics_json', 'admission_details_json', 'scholarship_names', 'scholarships_json', 'sources_json', 'source_file', 'updated_at']
2026-05-29 20:13:24,727 [INFO] root: === UniRank Starting ===
2026-05-29 20:13:25,663 [INFO] root: MainWindow shown
2026-05-29 20:13:25,667 [INFO] root: reload_db | auto=True | db_path=C:\Users\ayber\Desktop\Custom Apps\UniRank\data_base
2026-05-29 20:13:25,715 [INFO] root: load_database: seen=196 loaded=176 files_loaded=17 files_seen=17 folder=C:\Users\ayber\Desktop\Custom Apps\UniRank\data_base
2026-05-29 20:13:25,716 [INFO] root: load_database df shape=(176, 55) cols=['id', 'name', 'display_name', 'short', 'university', 'city', 'state', 'country', 'scope', 'needs_verification', 'cost_city', 'cost_city_raw', 'city_cost_rank', 'semester_fee_eur', 'semester_fees_json', 'tuition_eur_per_year', 'tuition_raw', 'tuition_program', 'tuition_period', 'tuition_scope', 'tuition_json', 'aerospace_ecosystem', 'strong_areas_summary', 'strength', 'focus', 'pros', 'cons', 'tags', 'tags_raw', 'target_program_name', 'target_program_degree', 'target_program_ects', 'target_program_url', 'target_program_json', 'admission_mode', 'language_req', 'internship_mandatory', 'internship_notes', 'deadline_winter_opens', 'deadline_winter_closes', 'deadline_summer_opens', 'deadline_summer_closes', 'deadlines_note', 'deadlines_json', 'housing_difficulty', 'housing_difficulty_score', 'key_partners', 'industry_focus_json', 'logistics_json', 'admission_details_json', 'scholarship_names', 'scholarships_json', 'sources_json', 'source_file', 'updated_at']
2026-05-29 20:25:08,064 [INFO] root: === UniRank Starting ===
2026-05-29 20:25:09,161 [INFO] root: MainWindow shown
2026-05-29 20:25:09,164 [INFO] root: reload_db | auto=True | db_path=C:\Users\ayber\Desktop\Custom Apps\UniRank\data_base
2026-05-29 20:25:09,208 [INFO] root: load_database: seen=196 loaded=176 files_loaded=17 files_seen=17 folder=C:\Users\ayber\Desktop\Custom Apps\UniRank\data_base
2026-05-29 20:25:09,209 [INFO] root: load_database df shape=(176, 55) cols=['id', 'name', 'display_name', 'short', 'university', 'city', 'state', 'country', 'scope', 'needs_verification', 'cost_city', 'cost_city_raw', 'city_cost_rank', 'semester_fee_eur', 'semester_fees_json', 'tuition_eur_per_year', 'tuition_raw', 'tuition_program', 'tuition_period', 'tuition_scope', 'tuition_json', 'aerospace_ecosystem', 'strong_areas_summary', 'strength', 'focus', 'pros', 'cons', 'tags', 'tags_raw', 'target_program_name', 'target_program_degree', 'target_program_ects', 'target_program_url', 'target_program_json', 'admission_mode', 'language_req', 'internship_mandatory', 'internship_notes', 'deadline_winter_opens', 'deadline_winter_closes', 'deadline_summer_opens', 'deadline_summer_closes', 'deadlines_note', 'deadlines_json', 'housing_difficulty', 'housing_difficulty_score', 'key_partners', 'industry_focus_json', 'logistics_json', 'admission_details_json', 'scholarship_names', 'scholarships_json', 'sources_json', 'source_file', 'updated_at']
